#0 building with "desktop-linux" instance using docker driver

#1 [internal] load build definition from Dockerfile
#1 transferring dockerfile: 2.52kB done
#1 DONE 0.0s

#2 [internal] load metadata for docker.io/grafana/grafana:13.2.3-ubuntu@sha256:efa8e935921096c08e4636c320d2f955cb843fa0889f471022e0d568af780d3f
#2 DONE 0.0s

#3 [internal] load metadata for docker.io/prom/blackbox-exporter:v0.28.0@sha256:e753ff9f3fc458d02cca5eddab5a77e1c175eee484a8925ac7d524f04366c2fc
#3 DONE 0.0s

#4 [internal] load metadata for docker.io/grafana/tempo:2.10.7@sha256:032b3acb51ed02c4b801473d54bb63e9e9f13738d215126d9843c30283794f4b
#4 DONE 0.0s

#5 [internal] load metadata for docker.io/prom/prometheus:v3.15.0@sha256:efd719c99d83b060d9daefdcf00360461adf279f45ef5391f8d111892118753e
#5 DONE 0.0s

#6 [internal] load metadata for docker.io/grafana/alloy:v1.20.1@sha256:2aa2099af76c0098d4af7a4d6e48f86cb66dc1a000222ad927a1c67c6542d13f
#6 DONE 0.0s

#7 [internal] load metadata for docker.io/grafana/loki:3.7.8@sha256:1107dd5274e0ada47e42472b7a7e71f3b2a2fe878878108f3e2f9e51528f0193
#7 DONE 0.0s

#8 [internal] load .dockerignore
#8 transferring context: 97B done
#8 DONE 0.0s

#9 [tempo 1/1] FROM docker.io/grafana/tempo:2.10.7@sha256:032b3acb51ed02c4b801473d54bb63e9e9f13738d215126d9843c30283794f4b
#9 resolve docker.io/grafana/tempo:2.10.7@sha256:032b3acb51ed02c4b801473d54bb63e9e9f13738d215126d9843c30283794f4b 0.0s done
#9 DONE 0.0s

#10 [prometheus 1/1] FROM docker.io/prom/prometheus:v3.15.0@sha256:efd719c99d83b060d9daefdcf00360461adf279f45ef5391f8d111892118753e
#10 resolve docker.io/prom/prometheus:v3.15.0@sha256:efd719c99d83b060d9daefdcf00360461adf279f45ef5391f8d111892118753e 0.0s done
#10 DONE 0.0s

#11 [blackbox 1/1] FROM docker.io/prom/blackbox-exporter:v0.28.0@sha256:e753ff9f3fc458d02cca5eddab5a77e1c175eee484a8925ac7d524f04366c2fc
#11 resolve docker.io/prom/blackbox-exporter:v0.28.0@sha256:e753ff9f3fc458d02cca5eddab5a77e1c175eee484a8925ac7d524f04366c2fc 0.0s done
#11 DONE 0.0s

#12 [stage-5  1/15] FROM docker.io/grafana/grafana:13.2.3-ubuntu@sha256:efa8e935921096c08e4636c320d2f955cb843fa0889f471022e0d568af780d3f
#12 resolve docker.io/grafana/grafana:13.2.3-ubuntu@sha256:efa8e935921096c08e4636c320d2f955cb843fa0889f471022e0d568af780d3f 0.0s done
#12 DONE 0.0s

#13 [loki 1/1] FROM docker.io/grafana/loki:3.7.8@sha256:1107dd5274e0ada47e42472b7a7e71f3b2a2fe878878108f3e2f9e51528f0193
#13 resolve docker.io/grafana/loki:3.7.8@sha256:1107dd5274e0ada47e42472b7a7e71f3b2a2fe878878108f3e2f9e51528f0193 0.0s done
#13 DONE 0.0s

#14 [alloy 1/1] FROM docker.io/grafana/alloy:v1.20.1@sha256:2aa2099af76c0098d4af7a4d6e48f86cb66dc1a000222ad927a1c67c6542d13f
#14 resolve docker.io/grafana/alloy:v1.20.1@sha256:2aa2099af76c0098d4af7a4d6e48f86cb66dc1a000222ad927a1c67c6542d13f 0.0s done
#14 DONE 0.0s

#15 [internal] load build context
#15 transferring context: 2.32kB done
#15 DONE 0.0s

#16 [stage-5  5/15] COPY --from=loki /usr/bin/loki /usr/local/bin/loki
#16 CACHED

#17 [stage-5  4/15] COPY --from=blackbox /bin/blackbox_exporter /usr/local/bin/
#17 CACHED

#18 [stage-5  8/15] COPY docker/control/requirements.lock.txt /tmp/requirements.txt
#18 CACHED

#19 [stage-5  6/15] COPY --from=tempo /tempo /usr/local/bin/tempo
#19 CACHED

#20 [stage-5  2/15] RUN apt-get update && apt-get install -y --no-install-recommends python3 python3-venv nginx supervisor tini gosu ca-certificates curl && rm -rf /var/lib/apt/lists/*
#20 CACHED

#21 [stage-5  3/15] COPY --from=prometheus /bin/prometheus /bin/promtool /usr/local/bin/
#21 CACHED

#22 [stage-5  7/15] COPY --from=alloy /bin/alloy /usr/local/bin/alloy
#22 CACHED

#23 [stage-5  9/15] RUN python3 -m venv /opt/venv && /opt/venv/bin/pip install --no-cache-dir -r /tmp/requirements.txt
#23 CACHED

#24 [stage-5 10/15] RUN mkdir -p /opt/grafana-plugins && grafana cli --pluginsDir /opt/grafana-plugins plugins install yesoreyeram-infinity-datasource 3.7.3
#24 CACHED

#25 [stage-5 11/15] COPY docker /opt/monitoring/docker
#25 DONE 0.0s

#26 [stage-5 12/15] COPY contracts /opt/monitoring/contracts
#26 DONE 0.0s

#27 [stage-5 13/15] COPY scripts /opt/monitoring/scripts
#27 DONE 0.0s

#28 [stage-5 14/15] COPY LICENSE NOTICE.md /opt/monitoring/
#28 DONE 0.0s

#29 [stage-5 15/15] RUN useradd --uid 10001 --home /data --no-create-home monitoring && mkdir -p /run/monitoring /data && chown monitoring:monitoring /run/monitoring /data && chmod +x /opt/monitoring/docker/runtime/entrypoint.sh
#29 DONE 0.2s

#30 exporting to image
#30 exporting layers 0.1s done
#30 exporting manifest sha256:499fc728bfff6bed80527967e9c90371a09809aed806ee6ec977f6c8fef5803b done
#30 exporting config sha256:7f026e78a664214ada5777da0e6d5ebc51cc9675e17d74c863354416646c6b73 done
#30 exporting attestation manifest sha256:86dc9c01e199ca30095e47a51baf1f92bd0e2187a13368d9456e1604d8f6b185 done
#30 exporting manifest list sha256:965c088cbf3696735ded61b10632f8ed416337509af10bcb199de932a84d268d done
#30 naming to docker.io/library/portable-observability:amd64 done
#30 DONE 0.1s
